Archive member included to satisfy reference by file (symbol)

d:/program files/stmicroelectronics/stm32cube/gcc-arm-none-eabi-10.3-2021.10/bin/../lib/gcc/arm-none-eabi/10.3.1/../../../../arm-none-eabi/lib/thumb/v7-m/nofp\libg.a(lib_a-errno.o)
                              CMakeFiles/PS211.elf.dir/Core/Src/syscalls.c.obj (__errno)
d:/program files/stmicroelectronics/stm32cube/gcc-arm-none-eabi-10.3-2021.10/bin/../lib/gcc/arm-none-eabi/10.3.1/../../../../arm-none-eabi/lib/thumb/v7-m/nofp\libg.a(lib_a-exit.o)
                              d:/program files/stmicroelectronics/stm32cube/gcc-arm-none-eabi-10.3-2021.10/bin/../lib/gcc/arm-none-eabi/10.3.1/../../../../arm-none-eabi/lib/thumb/v7-m/nofp/crt0.o (exit)
d:/program files/stmicroelectronics/stm32cube/gcc-arm-none-eabi-10.3-2021.10/bin/../lib/gcc/arm-none-eabi/10.3.1/../../../../arm-none-eabi/lib/thumb/v7-m/nofp\libg.a(lib_a-impure.o)
                              d:/program files/stmicroelectronics/stm32cube/gcc-arm-none-eabi-10.3-2021.10/bin/../lib/gcc/arm-none-eabi/10.3.1/../../../../arm-none-eabi/lib/thumb/v7-m/nofp\libg.a(lib_a-exit.o) (_global_impure_ptr)
d:/program files/stmicroelectronics/stm32cube/gcc-arm-none-eabi-10.3-2021.10/bin/../lib/gcc/arm-none-eabi/10.3.1/../../../../arm-none-eabi/lib/thumb/v7-m/nofp\libg.a(lib_a-init.o)
                              d:/program files/stmicroelectronics/stm32cube/gcc-arm-none-eabi-10.3-2021.10/bin/../lib/gcc/arm-none-eabi/10.3.1/../../../../arm-none-eabi/lib/thumb/v7-m/nofp/crt0.o (__libc_init_array)
d:/program files/stmicroelectronics/stm32cube/gcc-arm-none-eabi-10.3-2021.10/bin/../lib/gcc/arm-none-eabi/10.3.1/../../../../arm-none-eabi/lib/thumb/v7-m/nofp\libg.a(lib_a-memset.o)
                              d:/program files/stmicroelectronics/stm32cube/gcc-arm-none-eabi-10.3-2021.10/bin/../lib/gcc/arm-none-eabi/10.3.1/../../../../arm-none-eabi/lib/thumb/v7-m/nofp/crt0.o (memset)
d:/program files/stmicroelectronics/stm32cube/gcc-arm-none-eabi-10.3-2021.10/bin/../lib/gcc/arm-none-eabi/10.3.1/../../../../arm-none-eabi/lib/thumb/v7-m/nofp\libg.a(lib_a-__call_atexit.o)
                              d:/program files/stmicroelectronics/stm32cube/gcc-arm-none-eabi-10.3-2021.10/bin/../lib/gcc/arm-none-eabi/10.3.1/../../../../arm-none-eabi/lib/thumb/v7-m/nofp\libg.a(lib_a-exit.o) (__call_exitprocs)
d:/program files/stmicroelectronics/stm32cube/gcc-arm-none-eabi-10.3-2021.10/bin/../lib/gcc/arm-none-eabi/10.3.1/../../../../arm-none-eabi/lib/thumb/v7-m/nofp\libg.a(lib_a-atexit.o)
                              d:/program files/stmicroelectronics/stm32cube/gcc-arm-none-eabi-10.3-2021.10/bin/../lib/gcc/arm-none-eabi/10.3.1/../../../../arm-none-eabi/lib/thumb/v7-m/nofp\libg.a(lib_a-__call_atexit.o) (atexit)
d:/program files/stmicroelectronics/stm32cube/gcc-arm-none-eabi-10.3-2021.10/bin/../lib/gcc/arm-none-eabi/10.3.1/../../../../arm-none-eabi/lib/thumb/v7-m/nofp\libg.a(lib_a-fini.o)
                              d:/program files/stmicroelectronics/stm32cube/gcc-arm-none-eabi-10.3-2021.10/bin/../lib/gcc/arm-none-eabi/10.3.1/../../../../arm-none-eabi/lib/thumb/v7-m/nofp\libg.a(lib_a-__call_atexit.o) (__libc_fini_array)
d:/program files/stmicroelectronics/stm32cube/gcc-arm-none-eabi-10.3-2021.10/bin/../lib/gcc/arm-none-eabi/10.3.1/../../../../arm-none-eabi/lib/thumb/v7-m/nofp\libg.a(lib_a-lock.o)
                              d:/program files/stmicroelectronics/stm32cube/gcc-arm-none-eabi-10.3-2021.10/bin/../lib/gcc/arm-none-eabi/10.3.1/../../../../arm-none-eabi/lib/thumb/v7-m/nofp\libg.a(lib_a-__call_atexit.o) (__retarget_lock_acquire_recursive)
d:/program files/stmicroelectronics/stm32cube/gcc-arm-none-eabi-10.3-2021.10/bin/../lib/gcc/arm-none-eabi/10.3.1/../../../../arm-none-eabi/lib/thumb/v7-m/nofp\libg.a(lib_a-__atexit.o)
                              d:/program files/stmicroelectronics/stm32cube/gcc-arm-none-eabi-10.3-2021.10/bin/../lib/gcc/arm-none-eabi/10.3.1/../../../../arm-none-eabi/lib/thumb/v7-m/nofp\libg.a(lib_a-atexit.o) (__register_exitproc)

Discarded input sections

 .text          0x00000000        0x0 d:/program files/stmicroelectronics/stm32cube/gcc-arm-none-eabi-10.3-2021.10/bin/../lib/gcc/arm-none-eabi/10.3.1/thumb/v7-m/nofp/crti.o
 .data          0x00000000        0x0 d:/program files/stmicroelectronics/stm32cube/gcc-arm-none-eabi-10.3-2021.10/bin/../lib/gcc/arm-none-eabi/10.3.1/thumb/v7-m/nofp/crti.o
 .bss           0x00000000        0x0 d:/program files/stmicroelectronics/stm32cube/gcc-arm-none-eabi-10.3-2021.10/bin/../lib/gcc/arm-none-eabi/10.3.1/thumb/v7-m/nofp/crti.o
 .data          0x00000000        0x4 d:/program files/stmicroelectronics/stm32cube/gcc-arm-none-eabi-10.3-2021.10/bin/../lib/gcc/arm-none-eabi/10.3.1/thumb/v7-m/nofp/crtbegin.o
 .rodata        0x00000000       0x24 d:/program files/stmicroelectronics/stm32cube/gcc-arm-none-eabi-10.3-2021.10/bin/../lib/gcc/arm-none-eabi/10.3.1/thumb/v7-m/nofp/crtbegin.o
[...]
Memory Configuration

Name             Origin             Length             Attributes
RAM              0x20000000         0x0000c000         xrw
FLASH            0x08000000         0x00040000         xr
*default*        0x00000000         0xffffffff

Linker script and memory map

LOAD d:/program files/stmicroelectronics/stm32cube/gcc-arm-none-eabi-10.3-2021.10/bin/../lib/gcc/arm-none-eabi/10.3.1/thumb/v7-m/nofp/crti.o
LOAD d:/program files/stmicroelectronics/stm32cube/gcc-arm-none-eabi-10.3-2021.10/bin/../lib/gcc/arm-none-eabi/10.3.1/thumb/v7-m/nofp/crtbegin.o
LOAD d:/program files/stmicroelectronics/stm32cube/gcc-arm-none-eabi-10.3-2021.10/bin/../lib/gcc/arm-none-eabi/10.3.1/../../../../arm-none-eabi/lib/thumb/v7-m/nofp/crt0.o
LOAD CMakeFiles/PS211.elf.dir/Core/Src/adc.c.obj
LOAD CMakeFiles/PS211.elf.dir/Core/Src/dma.c.obj
LOAD CMakeFiles/PS211.elf.dir/Core/Src/gpio.c.obj
LOAD CMakeFiles/PS211.elf.dir/Core/Src/i2c.c.obj
LOAD CMakeFiles/PS211.elf.dir/Core/Src/main.c.obj
LOAD CMakeFiles/PS211.elf.dir/Core/Src/rtc.c.obj
LOAD CMakeFiles/PS211.elf.dir/Core/Src/spi.c.obj
LOAD CMakeFiles/PS211.elf.dir/Core/Src/stm32f1xx_hal_msp.c.obj
LOAD CMakeFiles/PS211.elf.dir/Core/Src/stm32f1xx_it.c.obj
LOAD CMakeFiles/PS211.elf.dir/Core/Src/syscalls.c.obj
LOAD CMakeFiles/PS211.elf.dir/Core/Src/sysmem.c.obj
LOAD CMakeFiles/PS211.elf.dir/Core/Src/system_stm32f1xx.c.obj
LOAD CMakeFiles/PS211.elf.dir/Core/Src/usart.c.obj
LOAD CMakeFiles/PS211.elf.dir/Core/Startup/startup_stm32f103rctx.s.obj
LOAD CMakeFiles/PS211.elf.dir/Drivers/STM32F1xx_HAL_Driver/Src/stm32f1xx_hal.c.obj
LOAD CMakeFiles/PS211.elf.dir/Drivers/STM32F1xx_HAL_Driver/Src/stm32f1xx_hal_adc.c.obj
LOAD CMakeFiles/PS211.elf.dir/Drivers/STM32F1xx_HAL_Driver/Src/stm32f1xx_hal_adc_ex.c.obj
LOAD CMakeFiles/PS211.elf.dir/Drivers/STM32F1xx_HAL_Driver/Src/stm32f1xx_hal_cortex.c.obj
LOAD CMakeFiles/PS211.elf.dir/Drivers/STM32F1xx_HAL_Driver/Src/stm32f1xx_hal_dma.c.obj
LOAD CMakeFiles/PS211.elf.dir/Drivers/STM32F1xx_HAL_Driver/Src/stm32f1xx_hal_exti.c.obj
LOAD CMakeFiles/PS211.elf.dir/Drivers/STM32F1xx_HAL_Driver/Src/stm32f1xx_hal_flash.c.obj
LOAD CMakeFiles/PS211.elf.dir/Drivers/STM32F1xx_HAL_Driver/Src/stm32f1xx_hal_flash_ex.c.obj
LOAD CMakeFiles/PS211.elf.dir/Drivers/STM32F1xx_HAL_Driver/Src/stm32f1xx_hal_gpio.c.obj
LOAD CMakeFiles/PS211.elf.dir/Drivers/STM32F1xx_HAL_Driver/Src/stm32f1xx_hal_gpio_ex.c.obj
LOAD CMakeFiles/PS211.elf.dir/Drivers/STM32F1xx_HAL_Driver/Src/stm32f1xx_hal_i2c.c.obj
LOAD CMakeFiles/PS211.elf.dir/Drivers/STM32F1xx_HAL_Driver/Src/stm32f1xx_hal_pwr.c.obj
LOAD CMakeFiles/PS211.elf.dir/Drivers/STM32F1xx_HAL_Driver/Src/stm32f1xx_hal_rcc.c.obj
LOAD CMakeFiles/PS211.elf.dir/Drivers/STM32F1xx_HAL_Driver/Src/stm32f1xx_hal_rcc_ex.c.obj
LOAD CMakeFiles/PS211.elf.dir/Drivers/STM32F1xx_HAL_Driver/Src/stm32f1xx_hal_rtc.c.obj
LOAD CMakeFiles/PS211.elf.dir/Drivers/STM32F1xx_HAL_Driver/Src/stm32f1xx_hal_rtc_ex.c.obj
LOAD CMakeFiles/PS211.elf.dir/Drivers/STM32F1xx_HAL_Driver/Src/stm32f1xx_hal_spi.c.obj
LOAD CMakeFiles/PS211.elf.dir/Drivers/STM32F1xx_HAL_Driver/Src/stm32f1xx_hal_tim.c.obj
LOAD CMakeFiles/PS211.elf.dir/Drivers/STM32F1xx_HAL_Driver/Src/stm32f1xx_hal_tim_ex.c.obj
LOAD CMakeFiles/PS211.elf.dir/Drivers/STM32F1xx_HAL_Driver/Src/stm32f1xx_hal_uart.c.obj
START GROUP
LOAD d:/program files/stmicroelectronics/stm32cube/gcc-arm-none-eabi-10.3-2021.10/bin/../lib/gcc/arm-none-eabi/10.3.1/thumb/v7-m/nofp\libgcc.a
LOAD d:/program files/stmicroelectronics/stm32cube/gcc-arm-none-eabi-10.3-2021.10/bin/../lib/gcc/arm-none-eabi/10.3.1/../../../../arm-none-eabi/lib/thumb/v7-m/nofp\libg.a
LOAD d:/program files/stmicroelectronics/stm32cube/gcc-arm-none-eabi-10.3-2021.10/bin/../lib/gcc/arm-none-eabi/10.3.1/../../../../arm-none-eabi/lib/thumb/v7-m/nofp\libc.a
END GROUP
LOAD d:/program files/stmicroelectronics/stm32cube/gcc-arm-none-eabi-10.3-2021.10/bin/../lib/gcc/arm-none-eabi/10.3.1/thumb/v7-m/nofp/crtend.o
LOAD d:/program files/stmicroelectronics/stm32cube/gcc-arm-none-eabi-10.3-2021.10/bin/../lib/gcc/arm-none-eabi/10.3.1/thumb/v7-m/nofp/crtn.o
                0x2000c000                _estack = (ORIGIN (RAM) + LENGTH (RAM))
                0x00000200                _Min_Heap_Size = 0x200
                0x00000400                _Min_Stack_Size = 0x400

.isr_vector     0x08000000      0x1e4
                0x08000000                . = ALIGN (0x4)
 *(.isr_vector)
 .isr_vector    0x08000000      0x1e4 CMakeFiles/PS211.elf.dir/Core/Startup/startup_stm32f103rctx.s.obj
                0x08000000                g_pfnVectors
                0x080001e4                . = ALIGN (0x4)

.text           0x080001e4     0x256c
                0x080001e4                . = ALIGN (0x4)
 *(.text)
 .text          0x080001e4       0x40 d:/program files/stmicroelectronics/stm32cube/gcc-arm-none-eabi-10.3-2021.10/bin/../lib/gcc/arm-none-eabi/10.3.1/thumb/v7-m/nofp/crtbegin.o
 *(.text*)
 .text.MX_ADC1_Init
                0x08000224      0x148 CMakeFiles/PS211.elf.dir/Core/Src/adc.c.obj
                0x08000224                MX_ADC1_Init
 .text.HAL_ADC_MspInit
                0x0800036c       0xe4 CMakeFiles/PS211.elf.dir/Core/Src/adc.c.obj
                0x0800036c                HAL_ADC_MspInit
 .text.MX_DMA_Init
                0x08000450       0x44 CMakeFiles/PS211.elf.dir/Core/Src/dma.c.obj
                0x08000450                MX_DMA_Init
 .text.MX_GPIO_Init
                0x08000494      0x114 CMakeFiles/PS211.elf.dir/Core/Src/gpio.c.obj
                0x08000494                MX_GPIO_Init
 .text.MX_I2C1_Init
                0x080005a8       0x3c CMakeFiles/PS211.elf.dir/Core/Src/i2c.c.obj
                0x080005a8                MX_I2C1_Init
 .text.HAL_I2C_MspInit
                0x080005e4       0x78 CMakeFiles/PS211.elf.dir/Core/Src/i2c.c.obj
                0x080005e4                HAL_I2C_MspInit
 .text.Error_Handler
                0x0800065c        0x4 CMakeFiles/PS211.elf.dir/Core/Src/main.c.obj
                0x0800065c                Error_Handler
 .text.SystemClock_Config
                0x08000660       0x90 CMakeFiles/PS211.elf.dir/Core/Src/main.c.obj
                0x08000660                SystemClock_Config
 .text.main     0x080006f0       0x30 CMakeFiles/PS211.elf.dir/Core/Src/main.c.obj
                0x080006f0                main
 .text.MX_RTC_Init
                0x08000720       0x80 CMakeFiles/PS211.elf.dir/Core/Src/rtc.c.obj
                0x08000720                MX_RTC_Init
 .text.HAL_RTC_MspInit
                0x080007a0       0x40 CMakeFiles/PS211.elf.dir/Core/Src/rtc.c.obj
                0x080007a0                HAL_RTC_MspInit
 .text.MX_SPI1_Init
                0x080007e0       0x44 CMakeFiles/PS211.elf.dir/Core/Src/spi.c.obj
                0x080007e0                MX_SPI1_Init
 .text.MX_SPI2_Init
                0x08000824       0x44 CMakeFiles/PS211.elf.dir/Core/Src/spi.c.obj
                0x08000824                MX_SPI2_Init
 .text.MX_SPI3_Init
                0x08000868       0x48 CMakeFiles/PS211.elf.dir/Core/Src/spi.c.obj
                0x08000868                MX_SPI3_Init
 .text.HAL_SPI_MspInit
                0x080008b0      0x168 CMakeFiles/PS211.elf.dir/Core/Src/spi.c.obj
                0x080008b0                HAL_SPI_MspInit
 .text.HAL_MspInit
                0x08000a18       0x44 CMakeFiles/PS211.elf.dir/Core/Src/stm32f1xx_hal_msp.c.obj
                0x08000a18                HAL_MspInit
 .text.NMI_Handler
                0x08000a5c        0x2 CMakeFiles/PS211.elf.dir/Core/Src/stm32f1xx_it.c.obj
                0x08000a5c                NMI_Handler
 .text.HardFault_Handler
                0x08000a5e        0x2 CMakeFiles/PS211.elf.dir/Core/Src/stm32f1xx_it.c.obj
                0x08000a5e                HardFault_Handler
 .text.MemManage_Handler
                0x08000a60        0x2 CMakeFiles/PS211.elf.dir/Core/Src/stm32f1xx_it.c.obj
                0x08000a60                MemManage_Handler
 .text.BusFault_Handler
                0x08000a62        0x2 CMakeFiles/PS211.elf.dir/Core/Src/stm32f1xx_it.c.obj
                0x08000a62                BusFault_Handler
 .text.UsageFault_Handler
                0x08000a64        0x2 CMakeFiles/PS211.elf.dir/Core/Src/stm32f1xx_it.c.obj
                0x08000a64                UsageFault_Handler
 .text.SVC_Handler
                0x08000a66        0x2 CMakeFiles/PS211.elf.dir/Core/Src/stm32f1xx_it.c.obj
                0x08000a66                SVC_Handler
 .text.DebugMon_Handler
                0x08000a68        0x2 CMakeFiles/PS211.elf.dir/Core/Src/stm32f1xx_it.c.obj
                0x08000a68                DebugMon_Handler
 .text.PendSV_Handler
                0x08000a6a        0x2 CMakeFiles/PS211.elf.dir/Core/Src/stm32f1xx_it.c.obj
                0x08000a6a                PendSV_Handler
 .text.SysTick_Handler
                0x08000a6c        0x8 CMakeFiles/PS211.elf.dir/Core/Src/stm32f1xx_it.c.obj
                0x08000a6c                SysTick_Handler
 .text.DMA1_Channel1_IRQHandler
                0x08000a74       0x10 CMakeFiles/PS211.elf.dir/Core/Src/stm32f1xx_it.c.obj
                0x08000a74                DMA1_Channel1_IRQHandler
 .text.DMA1_Channel3_IRQHandler
                0x08000a84       0x10 CMakeFiles/PS211.elf.dir/Core/Src/stm32f1xx_it.c.obj
                0x08000a84                DMA1_Channel3_IRQHandler
 .text.SystemInit
                0x08000a94        0x2 CMakeFiles/PS211.elf.dir/Core/Src/system_stm32f1xx.c.obj
                0x08000a94                SystemInit
 *fill*         0x08000a96        0x2 
 .text.MX_USART1_UART_Init
                0x08000a98       0x34 CMakeFiles/PS211.elf.dir/Core/Src/usart.c.obj
                0x08000a98                MX_USART1_UART_Init
 .text.HAL_UART_MspInit
                0x08000acc       0x78 CMakeFiles/PS211.elf.dir/Core/Src/usart.c.obj
                0x08000acc                HAL_UART_MspInit
 .text.Reset_Handler
                0x08000b44       0x48 CMakeFiles/PS211.elf.dir/Core/Startup/startup_stm32f103rctx.s.obj
                0x08000b44                Reset_Handler
 .text.Default_Handler
                0x08000b8c        0x2 CMakeFiles/PS211.elf.dir/Core/Startup/startup_stm32f103rctx.s.obj
                0x08000b8c                RTC_Alarm_IRQHandler
                0x08000b8c                EXTI2_IRQHandler
                0x08000b8c                TIM8_TRG_COM_IRQHandler
                0x08000b8c                TIM8_CC_IRQHandler
                0x08000b8c                TIM1_CC_IRQHandler
                0x08000b8c                TIM6_IRQHandler
                0x08000b8c                PVD_IRQHandler
                0x08000b8c                SDIO_IRQHandler
                0x08000b8c                EXTI3_IRQHandler
                0x08000b8c                EXTI0_IRQHandler
                0x08000b8c                I2C2_EV_IRQHandler
                0x08000b8c                ADC1_2_IRQHandler
                0x08000b8c                SPI1_IRQHandler
                0x08000b8c                TAMPER_IRQHandler
                0x08000b8c                TIM8_UP_IRQHandler
                0x08000b8c                DMA2_Channel2_IRQHandler
                0x08000b8c                DMA1_Channel4_IRQHandler
                0x08000b8c                USART3_IRQHandler
                0x08000b8c                RTC_IRQHandler
                0x08000b8c                DMA1_Channel7_IRQHandler
                0x08000b8c                CAN1_RX1_IRQHandler
                0x08000b8c                UART5_IRQHandler
                0x08000b8c                ADC3_IRQHandler
                0x08000b8c                TIM4_IRQHandler
                0x08000b8c                DMA2_Channel1_IRQHandler
                0x08000b8c                I2C1_EV_IRQHandler
                0x08000b8c                DMA1_Channel6_IRQHandler
                0x08000b8c                UART4_IRQHandler
                0x08000b8c                TIM3_IRQHandler
                0x08000b8c                RCC_IRQHandler
                0x08000b8c                TIM1_TRG_COM_IRQHandler
                0x08000b8c                Default_Handler
                0x08000b8c                EXTI15_10_IRQHandler
                0x08000b8c                TIM7_IRQHandler
                0x08000b8c                TIM5_IRQHandler
                0x08000b8c                EXTI9_5_IRQHandler
                0x08000b8c                SPI2_IRQHandler
                0x08000b8c                DMA1_Channel5_IRQHandler
                0x08000b8c                EXTI4_IRQHandler
                0x08000b8c                USB_LP_CAN1_RX0_IRQHandler
                0x08000b8c                USB_HP_CAN1_TX_IRQHandler
                0x08000b8c                FSMC_IRQHandler
                0x08000b8c                TIM1_UP_IRQHandler
                0x08000b8c                WWDG_IRQHandler
                0x08000b8c                TIM2_IRQHandler
                0x08000b8c                TIM1_BRK_IRQHandler
                0x08000b8c                EXTI1_IRQHandler
                0x08000b8c                DMA2_Channel4_5_IRQHandler
                0x08000b8c                USART2_IRQHandler
                0x08000b8c                I2C2_ER_IRQHandler
                0x08000b8c                DMA1_Channel2_IRQHandler
                0x08000b8c                TIM8_BRK_IRQHandler
                0x08000b8c                CAN1_SCE_IRQHandler
                0x08000b8c                FLASH_IRQHandler
                0x08000b8c                USART1_IRQHandler
                0x08000b8c                SPI3_IRQHandler
                0x08000b8c                I2C1_ER_IRQHandler
                0x08000b8c                USBWakeUp_IRQHandler
                0x08000b8c                DMA2_Channel3_IRQHandler
 *fill*         0x08000b8e        0x2 
 .text.HAL_InitTick
                0x08000b90       0x4c CMakeFiles/PS211.elf.dir/Drivers/STM32F1xx_HAL_Driver/Src/stm32f1xx_hal.c.obj
                0x08000b90                HAL_InitTick
 .text.HAL_Init
                0x08000bdc       0x24 CMakeFiles/PS211.elf.dir/Drivers/STM32F1xx_HAL_Driver/Src/stm32f1xx_hal.c.obj
                0x08000bdc                HAL_Init
 .text.HAL_IncTick
                0x08000c00       0x18 CMakeFiles/PS211.elf.dir/Drivers/STM32F1xx_HAL_Driver/Src/stm32f1xx_hal.c.obj
                0x08000c00                HAL_IncTick
 .text.HAL_GetTick
                0x08000c18        0xc CMakeFiles/PS211.elf.dir/Drivers/STM32F1xx_HAL_Driver/Src/stm32f1xx_hal.c.obj
                0x08000c18                HAL_GetTick
 .text.HAL_ADC_ConfigChannel
                0x08000c24      0x144 CMakeFiles/PS211.elf.dir/Drivers/STM32F1xx_HAL_Driver/Src/stm32f1xx_hal_adc.c.obj
                0x08000c24                HAL_ADC_ConfigChannel
 .text.ADC_ConversionStop_Disable
                0x08000d68       0x56 CMakeFiles/PS211.elf.dir/Drivers/STM32F1xx_HAL_Driver/Src/stm32f1xx_hal_adc.c.obj
                0x08000d68                ADC_ConversionStop_Disable
 *fill*         0x08000dbe        0x2 
 .text.HAL_ADC_Init
                0x08000dc0      0x128 CMakeFiles/PS211.elf.dir/Drivers/STM32F1xx_HAL_Driver/Src/stm32f1xx_hal_adc.c.obj
                0x08000dc0                HAL_ADC_Init
 .text.HAL_NVIC_SetPriorityGrouping
                0x08000ee8       0x24 CMakeFiles/PS211.elf.dir/Drivers/STM32F1xx_HAL_Driver/Src/stm32f1xx_hal_cortex.c.obj
                0x08000ee8                HAL_NVIC_SetPriorityGrouping
 .text.HAL_NVIC_SetPriority
                0x08000f0c       0x70 CMakeFiles/PS211.elf.dir/Drivers/STM32F1xx_HAL_Driver/Src/stm32f1xx_hal_cortex.c.obj
                0x08000f0c                HAL_NVIC_SetPriority
 .text.HAL_NVIC_EnableIRQ
                0x08000f7c       0x1c CMakeFiles/PS211.elf.dir/Drivers/STM32F1xx_HAL_Driver/Src/stm32f1xx_hal_cortex.c.obj
                0x08000f7c                HAL_NVIC_EnableIRQ
 .text.HAL_SYSTICK_Config
                0x08000f98       0x28 CMakeFiles/PS211.elf.dir/Drivers/STM32F1xx_HAL_Driver/Src/stm32f1xx_hal_cortex.c.obj
                0x08000f98                HAL_SYSTICK_Config
 .text.HAL_DMA_Init
                0x08000fc0       0x98 CMakeFiles/PS211.elf.dir/Drivers/STM32F1xx_HAL_Driver/Src/stm32f1xx_hal_dma.c.obj
                0x08000fc0                HAL_DMA_Init
 .text.HAL_DMA_IRQHandler
                0x08001058      0x2ec CMakeFiles/PS211.elf.dir/Drivers/STM32F1xx_HAL_Driver/Src/stm32f1xx_hal_dma.c.obj
                0x08001058                HAL_DMA_IRQHandler
 .text.HAL_GPIO_Init
                0x08001344      0x240 CMakeFiles/PS211.elf.dir/Drivers/STM32F1xx_HAL_Driver/Src/stm32f1xx_hal_gpio.c.obj
                0x08001344                HAL_GPIO_Init
 .text.HAL_GPIO_WritePin
                0x08001584        0xc CMakeFiles/PS211.elf.dir/Drivers/STM32F1xx_HAL_Driver/Src/stm32f1xx_hal_gpio.c.obj
                0x08001584                HAL_GPIO_WritePin
 .text.HAL_I2C_Init
                0x08001590      0x1bc CMakeFiles/PS211.elf.dir/Drivers/STM32F1xx_HAL_Driver/Src/stm32f1xx_hal_i2c.c.obj
                0x08001590                HAL_I2C_Init
 .text.HAL_PWR_EnableBkUpAccess
                0x0800174c        0xc CMakeFiles/PS211.elf.dir/Drivers/STM32F1xx_HAL_Driver/Src/stm32f1xx_hal_pwr.c.obj
                0x0800174c                HAL_PWR_EnableBkUpAccess
 .text.RCC_Delay
                0x08001758       0x2c CMakeFiles/PS211.elf.dir/Drivers/STM32F1xx_HAL_Driver/Src/stm32f1xx_hal_rcc.c.obj
 .text.HAL_RCC_OscConfig
                0x08001784      0x410 CMakeFiles/PS211.elf.dir/Drivers/STM32F1xx_HAL_Driver/Src/stm32f1xx_hal_rcc.c.obj
                0x08001784                HAL_RCC_OscConfig
 .text.HAL_RCC_GetSysClockFreq
                0x08001b94       0x54 CMakeFiles/PS211.elf.dir/Drivers/STM32F1xx_HAL_Driver/Src/stm32f1xx_hal_rcc.c.obj
                0x08001b94                HAL_RCC_GetSysClockFreq
 .text.HAL_RCC_ClockConfig
                0x08001be8      0x16c CMakeFiles/PS211.elf.dir/Drivers/STM32F1xx_HAL_Driver/Src/stm32f1xx_hal_rcc.c.obj
                0x08001be8                HAL_RCC_ClockConfig
 .text.HAL_RCC_GetHCLKFreq
                0x08001d54        0xc CMakeFiles/PS211.elf.dir/Drivers/STM32F1xx_HAL_Driver/Src/stm32f1xx_hal_rcc.c.obj
                0x08001d54                HAL_RCC_GetHCLKFreq
 .text.HAL_RCC_GetPCLK1Freq
                0x08001d60       0x20 CMakeFiles/PS211.elf.dir/Drivers/STM32F1xx_HAL_Driver/Src/stm32f1xx_hal_rcc.c.obj
                0x08001d60                HAL_RCC_GetPCLK1Freq
 .text.HAL_RCC_GetPCLK2Freq
                0x08001d80       0x20 CMakeFiles/PS211.elf.dir/Drivers/STM32F1xx_HAL_Driver/Src/stm32f1xx_hal_rcc.c.obj
                0x08001d80                HAL_RCC_GetPCLK2Freq
 .text.HAL_RCCEx_PeriphCLKConfig
                0x08001da0      0x118 CMakeFiles/PS211.elf.dir/Drivers/STM32F1xx_HAL_Driver/Src/stm32f1xx_hal_rcc_ex.c.obj
                0x08001da0                HAL_RCCEx_PeriphCLKConfig
 .text.HAL_RCCEx_GetPeriphCLKFreq
                0x08001eb8       0xf4 CMakeFiles/PS211.elf.dir/Drivers/STM32F1xx_HAL_Driver/Src/stm32f1xx_hal_rcc_ex.c.obj
                0x08001eb8                HAL_RCCEx_GetPeriphCLKFreq
 .text.RTC_ReadTimeCounter
                0x08001fac       0x28 CMakeFiles/PS211.elf.dir/Drivers/STM32F1xx_HAL_Driver/Src/stm32f1xx_hal_rtc.c.obj
 .text.RTC_ReadAlarmCounter
                0x08001fd4        0xe CMakeFiles/PS211.elf.dir/Drivers/STM32F1xx_HAL_Driver/Src/stm32f1xx_hal_rtc.c.obj
 .text.RTC_Bcd2ToByte
                0x08001fe2       0x12 CMakeFiles/PS211.elf.dir/Drivers/STM32F1xx_HAL_Driver/Src/stm32f1xx_hal_rtc.c.obj
 .text.RTC_WeekDayNum
                0x08001ff4       0x98 CMakeFiles/PS211.elf.dir/Drivers/STM32F1xx_HAL_Driver/Src/stm32f1xx_hal_rtc.c.obj
 .text.RTC_EnterInitMode
                0x0800208c       0x30 CMakeFiles/PS211.elf.dir/Drivers/STM32F1xx_HAL_Driver/Src/stm32f1xx_hal_rtc.c.obj
 .text.RTC_ExitInitMode
                0x080020bc       0x32 CMakeFiles/PS211.elf.dir/Drivers/STM32F1xx_HAL_Driver/Src/stm32f1xx_hal_rtc.c.obj
 .text.RTC_WriteTimeCounter
                0x080020ee       0x2a CMakeFiles/PS211.elf.dir/Drivers/STM32F1xx_HAL_Driver/Src/stm32f1xx_hal_rtc.c.obj
 .text.RTC_WriteAlarmCounter
                0x08002118       0x2a CMakeFiles/PS211.elf.dir/Drivers/STM32F1xx_HAL_Driver/Src/stm32f1xx_hal_rtc.c.obj
 .text.HAL_RTC_SetTime
                0x08002142       0xc2 CMakeFiles/PS211.elf.dir/Drivers/STM32F1xx_HAL_Driver/Src/stm32f1xx_hal_rtc.c.obj
                0x08002142                HAL_RTC_SetTime
 .text.HAL_RTC_SetDate
                0x08002204       0xd4 CMakeFiles/PS211.elf.dir/Drivers/STM32F1xx_HAL_Driver/Src/stm32f1xx_hal_rtc.c.obj
                0x08002204                HAL_RTC_SetDate
 .text.HAL_RTC_WaitForSynchro
                0x080022d8       0x38 CMakeFiles/PS211.elf.dir/Drivers/STM32F1xx_HAL_Driver/Src/stm32f1xx_hal_rtc.c.obj
                0x080022d8                HAL_RTC_WaitForSynchro
 .text.HAL_RTC_Init
                0x08002310       0xb0 CMakeFiles/PS211.elf.dir/Drivers/STM32F1xx_HAL_Driver/Src/stm32f1xx_hal_rtc.c.obj
                0x08002310                HAL_RTC_Init
 .text.HAL_SPI_Init
                0x080023c0       0xb6 CMakeFiles/PS211.elf.dir/Drivers/STM32F1xx_HAL_Driver/Src/stm32f1xx_hal_spi.c.obj
                0x080023c0                HAL_SPI_Init
 *fill*         0x08002476        0x2 
 .text.UART_SetConfig
                0x08002478       0x94 CMakeFiles/PS211.elf.dir/Drivers/STM32F1xx_HAL_Driver/Src/stm32f1xx_hal_uart.c.obj
 .text.HAL_UART_Init
                0x0800250c       0x60 CMakeFiles/PS211.elf.dir/Drivers/STM32F1xx_HAL_Driver/Src/stm32f1xx_hal_uart.c.obj
                0x0800250c                HAL_UART_Init
 .text.__libc_init_array
                0x0800256c       0x48 d:/program files/stmicroelectronics/stm32cube/gcc-arm-none-eabi-10.3-2021.10/bin/../lib/gcc/arm-none-eabi/10.3.1/../../../../arm-none-eabi/lib/thumb/v7-m/nofp\libg.a(lib_a-init.o)
                0x0800256c                __libc_init_array
 .text.memset   0x080025b4       0xa4 d:/program files/stmicroelectronics/stm32cube/gcc-arm-none-eabi-10.3-2021.10/bin/../lib/gcc/arm-none-eabi/10.3.1/../../../../arm-none-eabi/lib/thumb/v7-m/nofp\libg.a(lib_a-memset.o)
                0x080025b4                memset
 .text.startup.register_fini
                0x08002658       0x14 d:/program files/stmicroelectronics/stm32cube/gcc-arm-none-eabi-10.3-2021.10/bin/../lib/gcc/arm-none-eabi/10.3.1/../../../../arm-none-eabi/lib/thumb/v7-m/nofp\libg.a(lib_a-__call_atexit.o)
 .text.atexit   0x0800266c        0xc d:/program files/stmicroelectronics/stm32cube/gcc-arm-none-eabi-10.3-2021.10/bin/../lib/gcc/arm-none-eabi/10.3.1/../../../../arm-none-eabi/lib/thumb/v7-m/nofp\libg.a(lib_a-atexit.o)
                0x0800266c                atexit
 .text.__libc_fini_array
                0x08002678       0x2c d:/program files/stmicroelectronics/stm32cube/gcc-arm-none-eabi-10.3-2021.10/bin/../lib/gcc/arm-none-eabi/10.3.1/../../../../arm-none-eabi/lib/thumb/v7-m/nofp\libg.a(lib_a-fini.o)
                0x08002678                __libc_fini_array
 .text.__retarget_lock_acquire_recursive
                0x080026a4        0x4 d:/program files/stmicroelectronics/stm32cube/gcc-arm-none-eabi-10.3-2021.10/bin/../lib/gcc/arm-none-eabi/10.3.1/../../../../arm-none-eabi/lib/thumb/v7-m/nofp\libg.a(lib_a-lock.o)
                0x080026a4                __retarget_lock_acquire_recursive
 .text.__retarget_lock_release_recursive
                0x080026a8        0x4 d:/program files/stmicroelectronics/stm32cube/gcc-arm-none-eabi-10.3-2021.10/bin/../lib/gcc/arm-none-eabi/10.3.1/../../../../arm-none-eabi/lib/thumb/v7-m/nofp\libg.a(lib_a-lock.o)
                0x080026a8                __retarget_lock_release_recursive
 .text.__register_exitproc
                0x080026ac       0x8c d:/program files/stmicroelectronics/stm32cube/gcc-arm-none-eabi-10.3-2021.10/bin/../lib/gcc/arm-none-eabi/10.3.1/../../../../arm-none-eabi/lib/thumb/v7-m/nofp\libg.a(lib_a-__atexit.o)
                0x080026ac                __register_exitproc
 *(.glue_7)
 .glue_7        0x08002738        0x0 linker stubs
 *(.glue_7t)
 .glue_7t       0x08002738        0x0 linker stubs
 *(.eh_frame)
 .eh_frame      0x08002738        0x0 d:/program files/stmicroelectronics/stm32cube/gcc-arm-none-eabi-10.3-2021.10/bin/../lib/gcc/arm-none-eabi/10.3.1/thumb/v7-m/nofp/crtbegin.o
 *(.init)
 .init          0x08002738        0x4 d:/program files/stmicroelectronics/stm32cube/gcc-arm-none-eabi-10.3-2021.10/bin/../lib/gcc/arm-none-eabi/10.3.1/thumb/v7-m/nofp/crti.o
                0x08002738                _init
 .init          0x0800273c        0x8 d:/program files/stmicroelectronics/stm32cube/gcc-arm-none-eabi-10.3-2021.10/bin/../lib/gcc/arm-none-eabi/10.3.1/thumb/v7-m/nofp/crtn.o
 *(.fini)
 .fini          0x08002744        0x4 d:/program files/stmicroelectronics/stm32cube/gcc-arm-none-eabi-10.3-2021.10/bin/../lib/gcc/arm-none-eabi/10.3.1/thumb/v7-m/nofp/crti.o
                0x08002744                _fini
 .fini          0x08002748        0x8 d:/program files/stmicroelectronics/stm32cube/gcc-arm-none-eabi-10.3-2021.10/bin/../lib/gcc/arm-none-eabi/10.3.1/thumb/v7-m/nofp/crtn.o
                0x08002750                . = ALIGN (0x4)
                0x08002750                _etext = .

.vfp11_veneer   0x08002750        0x0
 .vfp11_veneer  0x08002750        0x0 linker stubs

.v4_bx          0x08002750        0x0
 .v4_bx         0x08002750        0x0 linker stubs

.iplt           0x08002750        0x0
 .iplt          0x08002750        0x0 d:/program files/stmicroelectronics/stm32cube/gcc-arm-none-eabi-10.3-2021.10/bin/../lib/gcc/arm-none-eabi/10.3.1/thumb/v7-m/nofp/crtbegin.o

.rodata         0x08002750       0x44
                0x08002750                . = ALIGN (0x4)
 *(.rodata)
 *(.rodata*)
 .rodata.AHBPrescTable
                0x08002750       0x10 CMakeFiles/PS211.elf.dir/Core/Src/system_stm32f1xx.c.obj
                0x08002750                AHBPrescTable
 .rodata.APBPrescTable
                0x08002760        0x8 CMakeFiles/PS211.elf.dir/Core/Src/system_stm32f1xx.c.obj
                0x08002760                APBPrescTable
 .rodata.aPLLMULFactorTable.1
                0x08002768       0x10 CMakeFiles/PS211.elf.dir/Drivers/STM32F1xx_HAL_Driver/Src/stm32f1xx_hal_rcc.c.obj
 .rodata.aPredivFactorTable.0
                0x08002778        0x2 CMakeFiles/PS211.elf.dir/Drivers/STM32F1xx_HAL_Driver/Src/stm32f1xx_hal_rcc.c.obj
 *fill*         0x0800277a        0x2 
 .rodata.aPLLMULFactorTable.1
                0x0800277c       0x10 CMakeFiles/PS211.elf.dir/Drivers/STM32F1xx_HAL_Driver/Src/stm32f1xx_hal_rcc_ex.c.obj
 .rodata.aPredivFactorTable.0
                0x0800278c        0x2 CMakeFiles/PS211.elf.dir/Drivers/STM32F1xx_HAL_Driver/Src/stm32f1xx_hal_rcc_ex.c.obj
 *fill*         0x0800278e        0x2 
 .rodata._global_impure_ptr
                0x08002790        0x4 d:/program files/stmicroelectronics/stm32cube/gcc-arm-none-eabi-10.3-2021.10/bin/../lib/gcc/arm-none-eabi/10.3.1/../../../../arm-none-eabi/lib/thumb/v7-m/nofp\libg.a(lib_a-impure.o)
                0x08002790                _global_impure_ptr
                0x08002794                . = ALIGN (0x4)

.rel.dyn        0x08002794        0x0
 .rel.iplt      0x08002794        0x0 d:/program files/stmicroelectronics/stm32cube/gcc-arm-none-eabi-10.3-2021.10/bin/../lib/gcc/arm-none-eabi/10.3.1/thumb/v7-m/nofp/crtbegin.o

.ARM.extab      0x08002794        0x0
                0x08002794                . = ALIGN (0x4)
 *(.ARM.extab* .gnu.linkonce.armextab.*)
                0x08002794                . = ALIGN (0x4)

.ARM            0x08002794        0x0
                0x08002794                . = ALIGN (0x4)
                0x08002794                __exidx_start = .
 *(.ARM.exidx*)
                0x08002794                __exidx_end = .
                0x08002794                . = ALIGN (0x4)

.preinit_array  0x08002794        0x0
                0x08002794                . = ALIGN (0x4)
                0x08002794                PROVIDE (__preinit_array_start = .)
 *(.preinit_array*)
                0x08002794                PROVIDE (__preinit_array_end = .)
                0x08002794                . = ALIGN (0x4)

.init_array     0x08002794        0x8
                0x08002794                . = ALIGN (0x4)
                0x08002794                PROVIDE (__init_array_start = .)
 *(SORT_BY_NAME(.init_array.*))
 .init_array.00000
                0x08002794        0x4 d:/program files/stmicroelectronics/stm32cube/gcc-arm-none-eabi-10.3-2021.10/bin/../lib/gcc/arm-none-eabi/10.3.1/../../../../arm-none-eabi/lib/thumb/v7-m/nofp\libg.a(lib_a-__call_atexit.o)
 *(.init_array*)
 .init_array    0x08002798        0x4 d:/program files/stmicroelectronics/stm32cube/gcc-arm-none-eabi-10.3-2021.10/bin/../lib/gcc/arm-none-eabi/10.3.1/thumb/v7-m/nofp/crtbegin.o
                0x0800279c                PROVIDE (__init_array_end = .)
                0x0800279c                . = ALIGN (0x4)

.fini_array     0x0800279c        0x4
                0x0800279c                . = ALIGN (0x4)
                0x0800279c                PROVIDE (__fini_array_start = .)
 *(SORT_BY_NAME(.fini_array.*))
 *(.fini_array*)
 .fini_array    0x0800279c        0x4 d:/program files/stmicroelectronics/stm32cube/gcc-arm-none-eabi-10.3-2021.10/bin/../lib/gcc/arm-none-eabi/10.3.1/thumb/v7-m/nofp/crtbegin.o
                0x080027a0                PROVIDE (__fini_array_end = .)
                0x080027a0                . = ALIGN (0x4)
                0x080027a0                _sidata = LOADADDR (.data)

.data           0x20000000      0x43c load address 0x080027a0
                0x20000000                . = ALIGN (0x4)
                0x20000000                _sdata = .
 *(.data)
 *(.data*)
 .data.SystemCoreClock
                0x20000000        0x4 CMakeFiles/PS211.elf.dir/Core/Src/system_stm32f1xx.c.obj
                0x20000000                SystemCoreClock
 .data.uwTickFreq
                0x20000004        0x1 CMakeFiles/PS211.elf.dir/Drivers/STM32F1xx_HAL_Driver/Src/stm32f1xx_hal.c.obj
                0x20000004                uwTickFreq
 *fill*         0x20000005        0x3 
 .data.uwTickPrio
                0x20000008        0x4 CMakeFiles/PS211.elf.dir/Drivers/STM32F1xx_HAL_Driver/Src/stm32f1xx_hal.c.obj
                0x20000008                uwTickPrio
 *fill*         0x2000000c        0x4 
 .data.impure_data
                0x20000010      0x428 d:/program files/stmicroelectronics/stm32cube/gcc-arm-none-eabi-10.3-2021.10/bin/../lib/gcc/arm-none-eabi/10.3.1/../../../../arm-none-eabi/lib/thumb/v7-m/nofp\libg.a(lib_a-impure.o)
 .data.__atexit_recursive_mutex
                0x20000438        0x4 d:/program files/stmicroelectronics/stm32cube/gcc-arm-none-eabi-10.3-2021.10/bin/../lib/gcc/arm-none-eabi/10.3.1/../../../../arm-none-eabi/lib/thumb/v7-m/nofp\libg.a(lib_a-__call_atexit.o)
                0x20000438                __atexit_recursive_mutex
 *(.RamFunc)
 *(.RamFunc*)
                0x2000043c                . = ALIGN (0x4)
                0x2000043c                _edata = .

.igot.plt       0x2000043c        0x0 load address 0x08002bdc
 .igot.plt      0x2000043c        0x0 d:/program files/stmicroelectronics/stm32cube/gcc-arm-none-eabi-10.3-2021.10/bin/../lib/gcc/arm-none-eabi/10.3.1/thumb/v7-m/nofp/crtbegin.o
                0x2000043c                . = ALIGN (0x4)

.bss            0x2000043c      0x294 load address 0x08002bdc
                0x2000043c                _sbss = .
                0x2000043c                __bss_start__ = _sbss
 *(.bss)
 .bss           0x2000043c       0x1c d:/program files/stmicroelectronics/stm32cube/gcc-arm-none-eabi-10.3-2021.10/bin/../lib/gcc/arm-none-eabi/10.3.1/thumb/v7-m/nofp/crtbegin.o
 *(.bss*)
 .bss.hadc1     0x20000458       0x30 CMakeFiles/PS211.elf.dir/Core/Src/adc.c.obj
                0x20000458                hadc1
 .bss.hdma_adc1
                0x20000488       0x44 CMakeFiles/PS211.elf.dir/Core/Src/adc.c.obj
                0x20000488                hdma_adc1
 .bss.hi2c1     0x200004cc       0x54 CMakeFiles/PS211.elf.dir/Core/Src/i2c.c.obj
                0x200004cc                hi2c1
 .bss.hrtc      0x20000520       0x14 CMakeFiles/PS211.elf.dir/Core/Src/rtc.c.obj
                0x20000520                hrtc
 .bss.hdma_spi1_tx
                0x20000534       0x44 CMakeFiles/PS211.elf.dir/Core/Src/spi.c.obj
                0x20000534                hdma_spi1_tx
 .bss.hspi1     0x20000578       0x58 CMakeFiles/PS211.elf.dir/Core/Src/spi.c.obj
                0x20000578                hspi1
 .bss.hspi2     0x200005d0       0x58 CMakeFiles/PS211.elf.dir/Core/Src/spi.c.obj
                0x200005d0                hspi2
 .bss.hspi3     0x20000628       0x58 CMakeFiles/PS211.elf.dir/Core/Src/spi.c.obj
                0x20000628                hspi3
 .bss.huart1    0x20000680       0x48 CMakeFiles/PS211.elf.dir/Core/Src/usart.c.obj
                0x20000680                huart1
 .bss.uwTick    0x200006c8        0x4 CMakeFiles/PS211.elf.dir/Drivers/STM32F1xx_HAL_Driver/Src/stm32f1xx_hal.c.obj
                0x200006c8                uwTick
 .bss.__lock___atexit_recursive_mutex
                0x200006cc        0x1 d:/program files/stmicroelectronics/stm32cube/gcc-arm-none-eabi-10.3-2021.10/bin/../lib/gcc/arm-none-eabi/10.3.1/../../../../arm-none-eabi/lib/thumb/v7-m/nofp\libg.a(lib_a-lock.o)
                0x200006cc                __lock___atexit_recursive_mutex
 *(COMMON)
                0x200006d0                . = ALIGN (0x4)
 *fill*         0x200006cd        0x3 
                0x200006d0                _ebss = .
                0x200006d0                __bss_end__ = _ebss

._user_heap_stack
                0x200006d0      0x600 load address 0x08002bdc
                0x200006d0                . = ALIGN (0x8)
                [!provide]                PROVIDE (end = .)
                0x200006d0                PROVIDE (_end = .)
                0x200008d0                . = (. + _Min_Heap_Size)
 *fill*         0x200006d0      0x200 
                0x20000cd0                . = (. + _Min_Stack_Size)
 *fill*         0x200008d0      0x400 
                0x20000cd0                . = ALIGN (0x8)

/DISCARD/
 libc.a(*)
 libm.a(*)
 libgcc.a(*)

.ARM.attributes
                0x00000000       0x29
 *(.ARM.attributes)
 .ARM.attributes
                0x00000000       0x1d d:/program files/stmicroelectronics/stm32cube/gcc-arm-none-eabi-10.3-2021.10/bin/../lib/gcc/arm-none-eabi/10.3.1/thumb/v7-m/nofp/crti.o
 .ARM.attributes
                0x0000001d       0x2d d:/program files/stmicroelectronics/stm32cube/gcc-arm-none-eabi-10.3-2021.10/bin/../lib/gcc/arm-none-eabi/10.3.1/thumb/v7-m/nofp/crtbegin.o
 .ARM.attributes
                0x0000004a       0x2d CMakeFiles/PS211.elf.dir/Core/Src/adc.c.obj
 .ARM.attributes
                0x00000077       0x2d CMakeFiles/PS211.elf.dir/Core/Src/dma.c.obj
 .ARM.attributes
                0x000000a4       0x2d CMakeFiles/PS211.elf.dir/Core/Src/gpio.c.obj
 .ARM.attributes
                0x000000d1       0x2d CMakeFiles/PS211.elf.dir/Core/Src/i2c.c.obj
 .ARM.attributes
                0x000000fe       0x2d CMakeFiles/PS211.elf.dir/Core/Src/main.c.obj
 .ARM.attributes
                0x0000012b       0x2d CMakeFiles/PS211.elf.dir/Core/Src/rtc.c.obj
 .ARM.attributes
                0x00000158       0x2d CMakeFiles/PS211.elf.dir/Core/Src/spi.c.obj
 .ARM.attributes
                0x00000185       0x2d CMakeFiles/PS211.elf.dir/Core/Src/stm32f1xx_hal_msp.c.obj
 .ARM.attributes
                0x000001b2       0x2d CMakeFiles/PS211.elf.dir/Core/Src/stm32f1xx_it.c.obj
 .ARM.attributes
                0x000001df       0x2d CMakeFiles/PS211.elf.dir/Core/Src/system_stm32f1xx.c.obj
 .ARM.attributes
                0x0000020c       0x2d CMakeFiles/PS211.elf.dir/Core/Src/usart.c.obj
 .ARM.attributes
                0x00000239       0x21 CMakeFiles/PS211.elf.dir/Core/Startup/startup_stm32f103rctx.s.obj
 .ARM.attributes
                0x0000025a       0x2d CMakeFiles/PS211.elf.dir/Drivers/STM32F1xx_HAL_Driver/Src/stm32f1xx_hal.c.obj
 .ARM.attributes
                0x00000287       0x2d CMakeFiles/PS211.elf.dir/Drivers/STM32F1xx_HAL_Driver/Src/stm32f1xx_hal_adc.c.obj
 .ARM.attributes
                0x000002b4       0x2d CMakeFiles/PS211.elf.dir/Drivers/STM32F1xx_HAL_Driver/Src/stm32f1xx_hal_cortex.c.obj
 .ARM.attributes
                0x000002e1       0x2d CMakeFiles/PS211.elf.dir/Drivers/STM32F1xx_HAL_Driver/Src/stm32f1xx_hal_dma.c.obj
 .ARM.attributes
                0x0000030e       0x2d CMakeFiles/PS211.elf.dir/Drivers/STM32F1xx_HAL_Driver/Src/stm32f1xx_hal_gpio.c.obj
 .ARM.attributes
                0x0000033b       0x2d CMakeFiles/PS211.elf.dir/Drivers/STM32F1xx_HAL_Driver/Src/stm32f1xx_hal_i2c.c.obj
 .ARM.attributes
                0x00000368       0x2d CMakeFiles/PS211.elf.dir/Drivers/STM32F1xx_HAL_Driver/Src/stm32f1xx_hal_pwr.c.obj
 .ARM.attributes
                0x00000395       0x2d CMakeFiles/PS211.elf.dir/Drivers/STM32F1xx_HAL_Driver/Src/stm32f1xx_hal_rcc.c.obj
 .ARM.attributes
                0x000003c2       0x2d CMakeFiles/PS211.elf.dir/Drivers/STM32F1xx_HAL_Driver/Src/stm32f1xx_hal_rcc_ex.c.obj
 .ARM.attributes
                0x000003ef       0x2d CMakeFiles/PS211.elf.dir/Drivers/STM32F1xx_HAL_Driver/Src/stm32f1xx_hal_rtc.c.obj
 .ARM.attributes
                0x0000041c       0x2d CMakeFiles/PS211.elf.dir/Drivers/STM32F1xx_HAL_Driver/Src/stm32f1xx_hal_spi.c.obj
 .ARM.attributes
                0x00000449       0x2d CMakeFiles/PS211.elf.dir/Drivers/STM32F1xx_HAL_Driver/Src/stm32f1xx_hal_uart.c.obj
 .ARM.attributes
                0x00000476       0x2d d:/program files/stmicroelectronics/stm32cube/gcc-arm-none-eabi-10.3-2021.10/bin/../lib/gcc/arm-none-eabi/10.3.1/../../../../arm-none-eabi/lib/thumb/v7-m/nofp\libg.a(lib_a-impure.o)
 .ARM.attributes
                0x000004a3       0x2d d:/program files/stmicroelectronics/stm32cube/gcc-arm-none-eabi-10.3-2021.10/bin/../lib/gcc/arm-none-eabi/10.3.1/../../../../arm-none-eabi/lib/thumb/v7-m/nofp\libg.a(lib_a-init.o)
 .ARM.attributes
                0x000004d0       0x2d d:/program files/stmicroelectronics/stm32cube/gcc-arm-none-eabi-10.3-2021.10/bin/../lib/gcc/arm-none-eabi/10.3.1/../../../../arm-none-eabi/lib/thumb/v7-m/nofp\libg.a(lib_a-memset.o)
 .ARM.attributes
                0x000004fd       0x2d d:/program files/stmicroelectronics/stm32cube/gcc-arm-none-eabi-10.3-2021.10/bin/../lib/gcc/arm-none-eabi/10.3.1/../../../../arm-none-eabi/lib/thumb/v7-m/nofp\libg.a(lib_a-__call_atexit.o)
 .ARM.attributes
                0x0000052a       0x2d d:/program files/stmicroelectronics/stm32cube/gcc-arm-none-eabi-10.3-2021.10/bin/../lib/gcc/arm-none-eabi/10.3.1/../../../../arm-none-eabi/lib/thumb/v7-m/nofp\libg.a(lib_a-atexit.o)
 .ARM.attributes
                0x00000557       0x2d d:/program files/stmicroelectronics/stm32cube/gcc-arm-none-eabi-10.3-2021.10/bin/../lib/gcc/arm-none-eabi/10.3.1/../../../../arm-none-eabi/lib/thumb/v7-m/nofp\libg.a(lib_a-fini.o)
 .ARM.attributes
                0x00000584       0x2d d:/program files/stmicroelectronics/stm32cube/gcc-arm-none-eabi-10.3-2021.10/bin/../lib/gcc/arm-none-eabi/10.3.1/../../../../arm-none-eabi/lib/thumb/v7-m/nofp\libg.a(lib_a-lock.o)
 .ARM.attributes
                0x000005b1       0x2d d:/program files/stmicroelectronics/stm32cube/gcc-arm-none-eabi-10.3-2021.10/bin/../lib/gcc/arm-none-eabi/10.3.1/../../../../arm-none-eabi/lib/thumb/v7-m/nofp\libg.a(lib_a-__atexit.o)
 .ARM.attributes
                0x000005de       0x1d d:/program files/stmicroelectronics/stm32cube/gcc-arm-none-eabi-10.3-2021.10/bin/../lib/gcc/arm-none-eabi/10.3.1/thumb/v7-m/nofp/crtn.o
OUTPUT(PS211.elf elf32-littlearm)
LOAD linker stubs
LOAD d:/program files/stmicroelectronics/stm32cube/gcc-arm-none-eabi-10.3-2021.10/bin/../lib/gcc/arm-none-eabi/10.3.1/../../../../arm-none-eabi/lib/thumb/v7-m/nofp\libc.a
LOAD d:/program files/stmicroelectronics/stm32cube/gcc-arm-none-eabi-10.3-2021.10/bin/../lib/gcc/arm-none-eabi/10.3.1/../../../../arm-none-eabi/lib/thumb/v7-m/nofp\libm.a
LOAD d:/program files/stmicroelectronics/stm32cube/gcc-arm-none-eabi-10.3-2021.10/bin/../lib/gcc/arm-none-eabi/10.3.1/thumb/v7-m/nofp\libgcc.a

.debug_info     0x00000000    0x136b4
 .debug_info    0x00000000      0xac0 CMakeFiles/PS211.elf.dir/Core/Src/adc.c.obj
 .debug_info    0x00000ac0      0x38a CMakeFiles/PS211.elf.dir/Core/Src/dma.c.obj
 .debug_info    0x00000e4a      0x3d9 CMakeFiles/PS211.elf.dir/Core/Src/gpio.c.obj
 .debug_info    0x00001223      0x93b CMakeFiles/PS211.elf.dir/Core/Src/i2c.c.obj
 .debug_info    0x00001b5e      0x452 CMakeFiles/PS211.elf.dir/Core/Src/main.c.obj
 .debug_info    0x00001fb0      0x52b CMakeFiles/PS211.elf.dir/Core/Src/rtc.c.obj
 .debug_info    0x000024db      0xa9a CMakeFiles/PS211.elf.dir/Core/Src/spi.c.obj
 .debug_info    0x00002f75      0x211 CMakeFiles/PS211.elf.dir/Core/Src/stm32f1xx_hal_msp.c.obj
 .debug_info    0x00003186      0x3e1 CMakeFiles/PS211.elf.dir/Core/Src/stm32f1xx_it.c.obj
 .debug_info    0x00003567      0x248 CMakeFiles/PS211.elf.dir/Core/Src/system_stm32f1xx.c.obj
 .debug_info    0x000037af      0x855 CMakeFiles/PS211.elf.dir/Core/Src/usart.c.obj
 .debug_info    0x00004004       0x22 CMakeFiles/PS211.elf.dir/Core/Startup/startup_stm32f103rctx.s.obj
 .debug_info    0x00004026      0x80e CMakeFiles/PS211.elf.dir/Drivers/STM32F1xx_HAL_Driver/Src/stm32f1xx_hal.c.obj
 .debug_info    0x00004834      0xf3f CMakeFiles/PS211.elf.dir/Drivers/STM32F1xx_HAL_Driver/Src/stm32f1xx_hal_adc.c.obj
 .debug_info    0x00005773      0xdf0 CMakeFiles/PS211.elf.dir/Drivers/STM32F1xx_HAL_Driver/Src/stm32f1xx_hal_cortex.c.obj
 .debug_info    0x00006563      0x84b CMakeFiles/PS211.elf.dir/Drivers/STM32F1xx_HAL_Driver/Src/stm32f1xx_hal_dma.c.obj
 .debug_info    0x00006dae      0x66f CMakeFiles/PS211.elf.dir/Drivers/STM32F1xx_HAL_Driver/Src/stm32f1xx_hal_gpio.c.obj
 .debug_info    0x0000741d     0x3ac3 CMakeFiles/PS211.elf.dir/Drivers/STM32F1xx_HAL_Driver/Src/stm32f1xx_hal_i2c.c.obj
 .debug_info    0x0000aee0      0x6a7 CMakeFiles/PS211.elf.dir/Drivers/STM32F1xx_HAL_Driver/Src/stm32f1xx_hal_pwr.c.obj
 .debug_info    0x0000b587      0xa3b CMakeFiles/PS211.elf.dir/Drivers/STM32F1xx_HAL_Driver/Src/stm32f1xx_hal_rcc.c.obj
 .debug_info    0x0000bfc2      0x484 CMakeFiles/PS211.elf.dir/Drivers/STM32F1xx_HAL_Driver/Src/stm32f1xx_hal_rcc_ex.c.obj
 .debug_info    0x0000c446     0x14c3 CMakeFiles/PS211.elf.dir/Drivers/STM32F1xx_HAL_Driver/Src/stm32f1xx_hal_rtc.c.obj
 .debug_info    0x0000d909     0x1c96 CMakeFiles/PS211.elf.dir/Drivers/STM32F1xx_HAL_Driver/Src/stm32f1xx_hal_spi.c.obj
 .debug_info    0x0000f59f     0x4115 CMakeFiles/PS211.elf.dir/Drivers/STM32F1xx_HAL_Driver/Src/stm32f1xx_hal_uart.c.obj

.debug_abbrev   0x00000000     0x2b44
 .debug_abbrev  0x00000000      0x1c9 CMakeFiles/PS211.elf.dir/Core/Src/adc.c.obj
 .debug_abbrev  0x000001c9      0x114 CMakeFiles/PS211.elf.dir/Core/Src/dma.c.obj
 .debug_abbrev  0x000002dd      0x13c CMakeFiles/PS211.elf.dir/Core/Src/gpio.c.obj
 .debug_abbrev  0x00000419      0x1e7 CMakeFiles/PS211.elf.dir/Core/Src/i2c.c.obj
 .debug_abbrev  0x00000600      0x182 CMakeFiles/PS211.elf.dir/Core/Src/main.c.obj
 .debug_abbrev  0x00000782      0x18e CMakeFiles/PS211.elf.dir/Core/Src/rtc.c.obj
 .debug_abbrev  0x00000910      0x1db CMakeFiles/PS211.elf.dir/Core/Src/spi.c.obj
 .debug_abbrev  0x00000aeb       0xe5 CMakeFiles/PS211.elf.dir/Core/Src/stm32f1xx_hal_msp.c.obj
 .debug_abbrev  0x00000bd0      0x154 CMakeFiles/PS211.elf.dir/Core/Src/stm32f1xx_it.c.obj
 .debug_abbrev  0x00000d24      0x13e CMakeFiles/PS211.elf.dir/Core/Src/system_stm32f1xx.c.obj
 .debug_abbrev  0x00000e62      0x1c8 CMakeFiles/PS211.elf.dir/Core/Src/usart.c.obj
 .debug_abbrev  0x0000102a       0x12 CMakeFiles/PS211.elf.dir/Core/Startup/startup_stm32f103rctx.s.obj
 .debug_abbrev  0x0000103c      0x1f4 CMakeFiles/PS211.elf.dir/Drivers/STM32F1xx_HAL_Driver/Src/stm32f1xx_hal.c.obj
 .debug_abbrev  0x00001230      0x1fc CMakeFiles/PS211.elf.dir/Drivers/STM32F1xx_HAL_Driver/Src/stm32f1xx_hal_adc.c.obj
 .debug_abbrev  0x0000142c      0x341 CMakeFiles/PS211.elf.dir/Drivers/STM32F1xx_HAL_Driver/Src/stm32f1xx_hal_cortex.c.obj
 .debug_abbrev  0x0000176d      0x223 CMakeFiles/PS211.elf.dir/Drivers/STM32F1xx_HAL_Driver/Src/stm32f1xx_hal_dma.c.obj
 .debug_abbrev  0x00001990      0x1e6 CMakeFiles/PS211.elf.dir/Drivers/STM32F1xx_HAL_Driver/Src/stm32f1xx_hal_gpio.c.obj
 .debug_abbrev  0x00001b76      0x293 CMakeFiles/PS211.elf.dir/Drivers/STM32F1xx_HAL_Driver/Src/stm32f1xx_hal_i2c.c.obj
 .debug_abbrev  0x00001e09      0x1de CMakeFiles/PS211.elf.dir/Drivers/STM32F1xx_HAL_Driver/Src/stm32f1xx_hal_pwr.c.obj
 .debug_abbrev  0x00001fe7      0x27a CMakeFiles/PS211.elf.dir/Drivers/STM32F1xx_HAL_Driver/Src/stm32f1xx_hal_rcc.c.obj
 .debug_abbrev  0x00002261      0x1d2 CMakeFiles/PS211.elf.dir/Drivers/STM32F1xx_HAL_Driver/Src/stm32f1xx_hal_rcc_ex.c.obj
 .debug_abbrev  0x00002433      0x201 CMakeFiles/PS211.elf.dir/Drivers/STM32F1xx_HAL_Driver/Src/stm32f1xx_hal_rtc.c.obj
 .debug_abbrev  0x00002634      0x233 CMakeFiles/PS211.elf.dir/Drivers/STM32F1xx_HAL_Driver/Src/stm32f1xx_hal_spi.c.obj
 .debug_abbrev  0x00002867      0x2dd CMakeFiles/PS211.elf.dir/Drivers/STM32F1xx_HAL_Driver/Src/stm32f1xx_hal_uart.c.obj

.debug_loc      0x00000000     0xea2d
 .debug_loc     0x00000000       0x71 CMakeFiles/PS211.elf.dir/Core/Src/adc.c.obj
 .debug_loc     0x00000071       0xaa CMakeFiles/PS211.elf.dir/Core/Src/i2c.c.obj
 .debug_loc     0x0000011b       0x25 CMakeFiles/PS211.elf.dir/Core/Src/rtc.c.obj
 .debug_loc     0x00000140       0xf2 CMakeFiles/PS211.elf.dir/Core/Src/spi.c.obj
 .debug_loc     0x00000232       0x15 CMakeFiles/PS211.elf.dir/Core/Src/stm32f1xx_hal_msp.c.obj
 .debug_loc     0x00000247       0xff CMakeFiles/PS211.elf.dir/Core/Src/system_stm32f1xx.c.obj
 .debug_loc     0x00000346       0x84 CMakeFiles/PS211.elf.dir/Core/Src/usart.c.obj
 .debug_loc     0x000003ca      0x141 CMakeFiles/PS211.elf.dir/Drivers/STM32F1xx_HAL_Driver/Src/stm32f1xx_hal.c.obj
 .debug_loc     0x0000050b      0xb03 CMakeFiles/PS211.elf.dir/Drivers/STM32F1xx_HAL_Driver/Src/stm32f1xx_hal_adc.c.obj
 .debug_loc     0x0000100e      0x71f CMakeFiles/PS211.elf.dir/Drivers/STM32F1xx_HAL_Driver/Src/stm32f1xx_hal_cortex.c.obj
 .debug_loc     0x0000172d      0x7ce CMakeFiles/PS211.elf.dir/Drivers/STM32F1xx_HAL_Driver/Src/stm32f1xx_hal_dma.c.obj
 .debug_loc     0x00001efb      0x47d CMakeFiles/PS211.elf.dir/Drivers/STM32F1xx_HAL_Driver/Src/stm32f1xx_hal_gpio.c.obj
 .debug_loc     0x00002378     0x41d5 CMakeFiles/PS211.elf.dir/Drivers/STM32F1xx_HAL_Driver/Src/stm32f1xx_hal_i2c.c.obj
 .debug_loc     0x0000654d      0x142 CMakeFiles/PS211.elf.dir/Drivers/STM32F1xx_HAL_Driver/Src/stm32f1xx_hal_pwr.c.obj
 .debug_loc     0x0000668f      0x618 CMakeFiles/PS211.elf.dir/Drivers/STM32F1xx_HAL_Driver/Src/stm32f1xx_hal_rcc.c.obj
 .debug_loc     0x00006ca7      0x3c6 CMakeFiles/PS211.elf.dir/Drivers/STM32F1xx_HAL_Driver/Src/stm32f1xx_hal_rcc_ex.c.obj
 .debug_loc     0x0000706d     0x179c CMakeFiles/PS211.elf.dir/Drivers/STM32F1xx_HAL_Driver/Src/stm32f1xx_hal_rtc.c.obj
 .debug_loc     0x00008809     0x1b69 CMakeFiles/PS211.elf.dir/Drivers/STM32F1xx_HAL_Driver/Src/stm32f1xx_hal_spi.c.obj
 .debug_loc     0x0000a372     0x46bb CMakeFiles/PS211.elf.dir/Drivers/STM32F1xx_HAL_Driver/Src/stm32f1xx_hal_uart.c.obj

.debug_aranges  0x00000000      0xe68
 .debug_aranges
                0x00000000       0x30 CMakeFiles/PS211.elf.dir/Core/Src/adc.c.obj
 .debug_aranges
                0x00000030       0x20 CMakeFiles/PS211.elf.dir/Core/Src/dma.c.obj
 .debug_aranges
                0x00000050       0x20 CMakeFiles/PS211.elf.dir/Core/Src/gpio.c.obj
 .debug_aranges
                0x00000070       0x30 CMakeFiles/PS211.elf.dir/Core/Src/i2c.c.obj
 .debug_aranges
                0x000000a0       0x30 CMakeFiles/PS211.elf.dir/Core/Src/main.c.obj
 .debug_aranges
                0x000000d0       0x30 CMakeFiles/PS211.elf.dir/Core/Src/rtc.c.obj
 .debug_aranges
                0x00000100       0x40 CMakeFiles/PS211.elf.dir/Core/Src/spi.c.obj
 .debug_aranges
                0x00000140       0x20 CMakeFiles/PS211.elf.dir/Core/Src/stm32f1xx_hal_msp.c.obj
 .debug_aranges
                0x00000160       0x70 CMakeFiles/PS211.elf.dir/Core/Src/stm32f1xx_it.c.obj
 .debug_aranges
                0x000001d0       0x28 CMakeFiles/PS211.elf.dir/Core/Src/system_stm32f1xx.c.obj
 .debug_aranges
                0x000001f8       0x30 CMakeFiles/PS211.elf.dir/Core/Src/usart.c.obj
 .debug_aranges
                0x00000228       0x28 CMakeFiles/PS211.elf.dir/Core/Startup/startup_stm32f103rctx.s.obj
 .debug_aranges
                0x00000250       0xe0 CMakeFiles/PS211.elf.dir/Drivers/STM32F1xx_HAL_Driver/Src/stm32f1xx_hal.c.obj
 .debug_aranges
                0x00000330       0xf0 CMakeFiles/PS211.elf.dir/Drivers/STM32F1xx_HAL_Driver/Src/stm32f1xx_hal_adc.c.obj
 .debug_aranges
                0x00000420       0x90 CMakeFiles/PS211.elf.dir/Drivers/STM32F1xx_HAL_Driver/Src/stm32f1xx_hal_cortex.c.obj
 .debug_aranges
                0x000004b0       0x80 CMakeFiles/PS211.elf.dir/Drivers/STM32F1xx_HAL_Driver/Src/stm32f1xx_hal_dma.c.obj
 .debug_aranges
                0x00000530       0x58 CMakeFiles/PS211.elf.dir/Drivers/STM32F1xx_HAL_Driver/Src/stm32f1xx_hal_gpio.c.obj
 .debug_aranges
                0x00000588      0x2a8 CMakeFiles/PS211.elf.dir/Drivers/STM32F1xx_HAL_Driver/Src/stm32f1xx_hal_i2c.c.obj
 .debug_aranges
                0x00000830       0xa8 CMakeFiles/PS211.elf.dir/Drivers/STM32F1xx_HAL_Driver/Src/stm32f1xx_hal_pwr.c.obj
 .debug_aranges
                0x000008d8       0x90 CMakeFiles/PS211.elf.dir/Drivers/STM32F1xx_HAL_Driver/Src/stm32f1xx_hal_rcc.c.obj
 .debug_aranges
                0x00000968       0x30 CMakeFiles/PS211.elf.dir/Drivers/STM32F1xx_HAL_Driver/Src/stm32f1xx_hal_rcc_ex.c.obj
 .debug_aranges
                0x00000998       0xf8 CMakeFiles/PS211.elf.dir/Drivers/STM32F1xx_HAL_Driver/Src/stm32f1xx_hal_rtc.c.obj
 .debug_aranges
                0x00000a90      0x1d0 CMakeFiles/PS211.elf.dir/Drivers/STM32F1xx_HAL_Driver/Src/stm32f1xx_hal_spi.c.obj
 .debug_aranges
                0x00000c60      0x208 CMakeFiles/PS211.elf.dir/Drivers/STM32F1xx_HAL_Driver/Src/stm32f1xx_hal_uart.c.obj

.debug_ranges   0x00000000      0xdb8
 .debug_ranges  0x00000000       0x20 CMakeFiles/PS211.elf.dir/Core/Src/adc.c.obj
 .debug_ranges  0x00000020       0x10 CMakeFiles/PS211.elf.dir/Core/Src/dma.c.obj
 .debug_ranges  0x00000030       0x10 CMakeFiles/PS211.elf.dir/Core/Src/gpio.c.obj
 .debug_ranges  0x00000040       0x20 CMakeFiles/PS211.elf.dir/Core/Src/i2c.c.obj
 .debug_ranges  0x00000060       0x20 CMakeFiles/PS211.elf.dir/Core/Src/main.c.obj
 .debug_ranges  0x00000080       0x20 CMakeFiles/PS211.elf.dir/Core/Src/rtc.c.obj
 .debug_ranges  0x000000a0       0x30 CMakeFiles/PS211.elf.dir/Core/Src/spi.c.obj
 .debug_ranges  0x000000d0       0x10 CMakeFiles/PS211.elf.dir/Core/Src/stm32f1xx_hal_msp.c.obj
 .debug_ranges  0x000000e0       0x60 CMakeFiles/PS211.elf.dir/Core/Src/stm32f1xx_it.c.obj
 .debug_ranges  0x00000140       0x18 CMakeFiles/PS211.elf.dir/Core/Src/system_stm32f1xx.c.obj
 .debug_ranges  0x00000158       0x20 CMakeFiles/PS211.elf.dir/Core/Src/usart.c.obj
 .debug_ranges  0x00000178       0x20 CMakeFiles/PS211.elf.dir/Core/Startup/startup_stm32f103rctx.s.obj
 .debug_ranges  0x00000198       0xd0 CMakeFiles/PS211.elf.dir/Drivers/STM32F1xx_HAL_Driver/Src/stm32f1xx_hal.c.obj
 .debug_ranges  0x00000268       0xe0 CMakeFiles/PS211.elf.dir/Drivers/STM32F1xx_HAL_Driver/Src/stm32f1xx_hal_adc.c.obj
 .debug_ranges  0x00000348       0xe0 CMakeFiles/PS211.elf.dir/Drivers/STM32F1xx_HAL_Driver/Src/stm32f1xx_hal_cortex.c.obj
 .debug_ranges  0x00000428       0x70 CMakeFiles/PS211.elf.dir/Drivers/STM32F1xx_HAL_Driver/Src/stm32f1xx_hal_dma.c.obj
 .debug_ranges  0x00000498       0x48 CMakeFiles/PS211.elf.dir/Drivers/STM32F1xx_HAL_Driver/Src/stm32f1xx_hal_gpio.c.obj
 .debug_ranges  0x000004e0      0x2b0 CMakeFiles/PS211.elf.dir/Drivers/STM32F1xx_HAL_Driver/Src/stm32f1xx_hal_i2c.c.obj
 .debug_ranges  0x00000790       0x98 CMakeFiles/PS211.elf.dir/Drivers/STM32F1xx_HAL_Driver/Src/stm32f1xx_hal_pwr.c.obj
 .debug_ranges  0x00000828       0xa0 CMakeFiles/PS211.elf.dir/Drivers/STM32F1xx_HAL_Driver/Src/stm32f1xx_hal_rcc.c.obj
 .debug_ranges  0x000008c8       0x38 CMakeFiles/PS211.elf.dir/Drivers/STM32F1xx_HAL_Driver/Src/stm32f1xx_hal_rcc_ex.c.obj
 .debug_ranges  0x00000900       0xe8 CMakeFiles/PS211.elf.dir/Drivers/STM32F1xx_HAL_Driver/Src/stm32f1xx_hal_rtc.c.obj
 .debug_ranges  0x000009e8      0x1c0 CMakeFiles/PS211.elf.dir/Drivers/STM32F1xx_HAL_Driver/Src/stm32f1xx_hal_spi.c.obj
 .debug_ranges  0x00000ba8      0x210 CMakeFiles/PS211.elf.dir/Drivers/STM32F1xx_HAL_Driver/Src/stm32f1xx_hal_uart.c.obj

.debug_line     0x00000000    0x14415
 .debug_line    0x00000000      0x567 CMakeFiles/PS211.elf.dir/Core/Src/adc.c.obj
 .debug_line    0x00000567      0x243 CMakeFiles/PS211.elf.dir/Core/Src/dma.c.obj
 .debug_line    0x000007aa      0x311 CMakeFiles/PS211.elf.dir/Core/Src/gpio.c.obj
 .debug_line    0x00000abb      0x3b5 CMakeFiles/PS211.elf.dir/Core/Src/i2c.c.obj
 .debug_line    0x00000e70      0x409 CMakeFiles/PS211.elf.dir/Core/Src/main.c.obj
 .debug_line    0x00001279      0x3a3 CMakeFiles/PS211.elf.dir/Core/Src/rtc.c.obj
 .debug_line    0x0000161c      0x609 CMakeFiles/PS211.elf.dir/Core/Src/spi.c.obj
 .debug_line    0x00001c25      0x1f1 CMakeFiles/PS211.elf.dir/Core/Src/stm32f1xx_hal_msp.c.obj
 .debug_line    0x00001e16      0x38f CMakeFiles/PS211.elf.dir/Core/Src/stm32f1xx_it.c.obj
 .debug_line    0x000021a5      0x2ba CMakeFiles/PS211.elf.dir/Core/Src/system_stm32f1xx.c.obj
 .debug_line    0x0000245f      0x3c3 CMakeFiles/PS211.elf.dir/Core/Src/usart.c.obj
 .debug_line    0x00002822       0xb2 CMakeFiles/PS211.elf.dir/Core/Startup/startup_stm32f103rctx.s.obj
 .debug_line    0x000028d4      0x5fe CMakeFiles/PS211.elf.dir/Drivers/STM32F1xx_HAL_Driver/Src/stm32f1xx_hal.c.obj
 .debug_line    0x00002ed2      0xf9a CMakeFiles/PS211.elf.dir/Drivers/STM32F1xx_HAL_Driver/Src/stm32f1xx_hal_adc.c.obj
 .debug_line    0x00003e6c      0x6db CMakeFiles/PS211.elf.dir/Drivers/STM32F1xx_HAL_Driver/Src/stm32f1xx_hal_cortex.c.obj
 .debug_line    0x00004547      0xd94 CMakeFiles/PS211.elf.dir/Drivers/STM32F1xx_HAL_Driver/Src/stm32f1xx_hal_dma.c.obj
 .debug_line    0x000052db      0x697 CMakeFiles/PS211.elf.dir/Drivers/STM32F1xx_HAL_Driver/Src/stm32f1xx_hal_gpio.c.obj
 .debug_line    0x00005972     0x572c CMakeFiles/PS211.elf.dir/Drivers/STM32F1xx_HAL_Driver/Src/stm32f1xx_hal_i2c.c.obj
 .debug_line    0x0000b09e      0x530 CMakeFiles/PS211.elf.dir/Drivers/STM32F1xx_HAL_Driver/Src/stm32f1xx_hal_pwr.c.obj
 .debug_line    0x0000b5ce      0xcc0 CMakeFiles/PS211.elf.dir/Drivers/STM32F1xx_HAL_Driver/Src/stm32f1xx_hal_rcc.c.obj
 .debug_line    0x0000c28e      0x56b CMakeFiles/PS211.elf.dir/Drivers/STM32F1xx_HAL_Driver/Src/stm32f1xx_hal_rcc_ex.c.obj
 .debug_line    0x0000c7f9     0x11fb CMakeFiles/PS211.elf.dir/Drivers/STM32F1xx_HAL_Driver/Src/stm32f1xx_hal_rtc.c.obj
 .debug_line    0x0000d9f4     0x26ba CMakeFiles/PS211.elf.dir/Drivers/STM32F1xx_HAL_Driver/Src/stm32f1xx_hal_spi.c.obj
 .debug_line    0x000100ae     0x4367 CMakeFiles/PS211.elf.dir/Drivers/STM32F1xx_HAL_Driver/Src/stm32f1xx_hal_uart.c.obj

.debug_str      0x00000000     0x43cb
 .debug_str     0x00000000      0x5f9 CMakeFiles/PS211.elf.dir/Core/Src/adc.c.obj
                                0x699 (size before relaxing)
 .debug_str     0x000005f9      0x42a CMakeFiles/PS211.elf.dir/Core/Src/dma.c.obj
                                0x618 (size before relaxing)
 .debug_str     0x00000a23       0x79 CMakeFiles/PS211.elf.dir/Core/Src/gpio.c.obj
                                0x2d1 (size before relaxing)
 .debug_str     0x00000a9c      0x321 CMakeFiles/PS211.elf.dir/Core/Src/i2c.c.obj
                                0x7b6 (size before relaxing)
 .debug_str     0x00000dbd      0x2ad CMakeFiles/PS211.elf.dir/Core/Src/main.c.obj
                                0x4c3 (size before relaxing)
 .debug_str     0x0000106a      0x1e8 CMakeFiles/PS211.elf.dir/Core/Src/rtc.c.obj
                                0x488 (size before relaxing)
 .debug_str     0x00001252      0x245 CMakeFiles/PS211.elf.dir/Core/Src/spi.c.obj
                                0x734 (size before relaxing)
 .debug_str     0x00001497       0x57 CMakeFiles/PS211.elf.dir/Core/Src/stm32f1xx_hal_msp.c.obj
                                0x273 (size before relaxing)
 .debug_str     0x000014ee      0x127 CMakeFiles/PS211.elf.dir/Core/Src/stm32f1xx_it.c.obj
                                0x4bd (size before relaxing)
 .debug_str     0x00001615       0xa9 CMakeFiles/PS211.elf.dir/Core/Src/system_stm32f1xx.c.obj
                                0x2a8 (size before relaxing)
 .debug_str     0x000016be      0x20f CMakeFiles/PS211.elf.dir/Core/Src/usart.c.obj
                                0x714 (size before relaxing)
 .debug_str     0x000018cd       0x61 CMakeFiles/PS211.elf.dir/Core/Startup/startup_stm32f103rctx.s.obj
                                 0xa1 (size before relaxing)
 .debug_str     0x0000192e      0x32f CMakeFiles/PS211.elf.dir/Drivers/STM32F1xx_HAL_Driver/Src/stm32f1xx_hal.c.obj
                                0x95c (size before relaxing)
 .debug_str     0x00001c5d      0x365 CMakeFiles/PS211.elf.dir/Drivers/STM32F1xx_HAL_Driver/Src/stm32f1xx_hal_adc.c.obj
                                0x92e (size before relaxing)
 .debug_str     0x00001fc2      0x3dd CMakeFiles/PS211.elf.dir/Drivers/STM32F1xx_HAL_Driver/Src/stm32f1xx_hal_cortex.c.obj
                                0xa0b (size before relaxing)
 .debug_str     0x0000239f      0x21c CMakeFiles/PS211.elf.dir/Drivers/STM32F1xx_HAL_Driver/Src/stm32f1xx_hal_dma.c.obj
                                0x651 (size before relaxing)
 .debug_str     0x000025bb      0x140 CMakeFiles/PS211.elf.dir/Drivers/STM32F1xx_HAL_Driver/Src/stm32f1xx_hal_gpio.c.obj
                                0x454 (size before relaxing)
 .debug_str     0x000026fb      0x8ee CMakeFiles/PS211.elf.dir/Drivers/STM32F1xx_HAL_Driver/Src/stm32f1xx_hal_i2c.c.obj
                               0x1019 (size before relaxing)
 .debug_str     0x00002fe9      0x242 CMakeFiles/PS211.elf.dir/Drivers/STM32F1xx_HAL_Driver/Src/stm32f1xx_hal_pwr.c.obj
                                0x4ef (size before relaxing)
 .debug_str     0x0000322b      0x1e4 CMakeFiles/PS211.elf.dir/Drivers/STM32F1xx_HAL_Driver/Src/stm32f1xx_hal_rcc.c.obj
                                0x67f (size before relaxing)
 .debug_str     0x0000340f       0xaf CMakeFiles/PS211.elf.dir/Drivers/STM32F1xx_HAL_Driver/Src/stm32f1xx_hal_rcc_ex.c.obj
                                0x465 (size before relaxing)
 .debug_str     0x000034be      0x39d CMakeFiles/PS211.elf.dir/Drivers/STM32F1xx_HAL_Driver/Src/stm32f1xx_hal_rtc.c.obj
                                0x80e (size before relaxing)
 .debug_str     0x0000385b      0x538 CMakeFiles/PS211.elf.dir/Drivers/STM32F1xx_HAL_Driver/Src/stm32f1xx_hal_spi.c.obj
                                0xbbb (size before relaxing)
 .debug_str     0x00003d93      0x638 CMakeFiles/PS211.elf.dir/Drivers/STM32F1xx_HAL_Driver/Src/stm32f1xx_hal_uart.c.obj
                                0xd48 (size before relaxing)

.comment        0x00000000       0x49
 .comment       0x00000000       0x49 CMakeFiles/PS211.elf.dir/Core/Src/adc.c.obj
                                 0x4a (size before relaxing)
 .comment       0x00000049       0x4a CMakeFiles/PS211.elf.dir/Core/Src/dma.c.obj
 .comment       0x00000049       0x4a CMakeFiles/PS211.elf.dir/Core/Src/gpio.c.obj
 .comment       0x00000049       0x4a CMakeFiles/PS211.elf.dir/Core/Src/i2c.c.obj
 .comment       0x00000049       0x4a CMakeFiles/PS211.elf.dir/Core/Src/main.c.obj
 .comment       0x00000049       0x4a CMakeFiles/PS211.elf.dir/Core/Src/rtc.c.obj
 .comment       0x00000049       0x4a CMakeFiles/PS211.elf.dir/Core/Src/spi.c.obj
 .comment       0x00000049       0x4a CMakeFiles/PS211.elf.dir/Core/Src/stm32f1xx_hal_msp.c.obj
 .comment       0x00000049       0x4a CMakeFiles/PS211.elf.dir/Core/Src/stm32f1xx_it.c.obj
 .comment       0x00000049       0x4a CMakeFiles/PS211.elf.dir/Core/Src/system_stm32f1xx.c.obj
 .comment       0x00000049       0x4a CMakeFiles/PS211.elf.dir/Core/Src/usart.c.obj
 .comment       0x00000049       0x4a CMakeFiles/PS211.elf.dir/Drivers/STM32F1xx_HAL_Driver/Src/stm32f1xx_hal.c.obj
 .comment       0x00000049       0x4a CMakeFiles/PS211.elf.dir/Drivers/STM32F1xx_HAL_Driver/Src/stm32f1xx_hal_adc.c.obj
 .comment       0x00000049       0x4a CMakeFiles/PS211.elf.dir/Drivers/STM32F1xx_HAL_Driver/Src/stm32f1xx_hal_cortex.c.obj
 .comment       0x00000049       0x4a CMakeFiles/PS211.elf.dir/Drivers/STM32F1xx_HAL_Driver/Src/stm32f1xx_hal_dma.c.obj
 .comment       0x00000049       0x4a CMakeFiles/PS211.elf.dir/Drivers/STM32F1xx_HAL_Driver/Src/stm32f1xx_hal_gpio.c.obj
 .comment       0x00000049       0x4a CMakeFiles/PS211.elf.dir/Drivers/STM32F1xx_HAL_Driver/Src/stm32f1xx_hal_i2c.c.obj
 .comment       0x00000049       0x4a CMakeFiles/PS211.elf.dir/Drivers/STM32F1xx_HAL_Driver/Src/stm32f1xx_hal_pwr.c.obj
 .comment       0x00000049       0x4a CMakeFiles/PS211.elf.dir/Drivers/STM32F1xx_HAL_Driver/Src/stm32f1xx_hal_rcc.c.obj
 .comment       0x00000049       0x4a CMakeFiles/PS211.elf.dir/Drivers/STM32F1xx_HAL_Driver/Src/stm32f1xx_hal_rcc_ex.c.obj
 .comment       0x00000049       0x4a CMakeFiles/PS211.elf.dir/Drivers/STM32F1xx_HAL_Driver/Src/stm32f1xx_hal_rtc.c.obj
 .comment       0x00000049       0x4a CMakeFiles/PS211.elf.dir/Drivers/STM32F1xx_HAL_Driver/Src/stm32f1xx_hal_spi.c.obj
 .comment       0x00000049       0x4a CMakeFiles/PS211.elf.dir/Drivers/STM32F1xx_HAL_Driver/Src/stm32f1xx_hal_uart.c.obj

.debug_frame    0x00000000     0x295c
 .debug_frame   0x00000000       0x6c CMakeFiles/PS211.elf.dir/Core/Src/adc.c.obj
 .debug_frame   0x0000006c       0x2c CMakeFiles/PS211.elf.dir/Core/Src/dma.c.obj
 .debug_frame   0x00000098       0x38 CMakeFiles/PS211.elf.dir/Core/Src/gpio.c.obj
 .debug_frame   0x000000d0       0x60 CMakeFiles/PS211.elf.dir/Core/Src/i2c.c.obj
 .debug_frame   0x00000130       0x58 CMakeFiles/PS211.elf.dir/Core/Src/main.c.obj
 .debug_frame   0x00000188       0x5c CMakeFiles/PS211.elf.dir/Core/Src/rtc.c.obj
 .debug_frame   0x000001e4       0x94 CMakeFiles/PS211.elf.dir/Core/Src/spi.c.obj
 .debug_frame   0x00000278       0x28 CMakeFiles/PS211.elf.dir/Core/Src/stm32f1xx_hal_msp.c.obj
 .debug_frame   0x000002a0       0xd8 CMakeFiles/PS211.elf.dir/Core/Src/stm32f1xx_it.c.obj
 .debug_frame   0x00000378       0x30 CMakeFiles/PS211.elf.dir/Core/Src/system_stm32f1xx.c.obj
 .debug_frame   0x000003a8       0x60 CMakeFiles/PS211.elf.dir/Core/Src/usart.c.obj
 .debug_frame   0x00000408      0x1cc CMakeFiles/PS211.elf.dir/Drivers/STM32F1xx_HAL_Driver/Src/stm32f1xx_hal.c.obj
 .debug_frame   0x000005d4      0x2c8 CMakeFiles/PS211.elf.dir/Drivers/STM32F1xx_HAL_Driver/Src/stm32f1xx_hal_adc.c.obj
 .debug_frame   0x0000089c      0x118 CMakeFiles/PS211.elf.dir/Drivers/STM32F1xx_HAL_Driver/Src/stm32f1xx_hal_cortex.c.obj
 .debug_frame   0x000009b4      0x140 CMakeFiles/PS211.elf.dir/Drivers/STM32F1xx_HAL_Driver/Src/stm32f1xx_hal_dma.c.obj
 .debug_frame   0x00000af4       0xe4 CMakeFiles/PS211.elf.dir/Drivers/STM32F1xx_HAL_Driver/Src/stm32f1xx_hal_gpio.c.obj
 .debug_frame   0x00000bd8      0x988 CMakeFiles/PS211.elf.dir/Drivers/STM32F1xx_HAL_Driver/Src/stm32f1xx_hal_i2c.c.obj
 .debug_frame   0x00001560      0x140 CMakeFiles/PS211.elf.dir/Drivers/STM32F1xx_HAL_Driver/Src/stm32f1xx_hal_pwr.c.obj
 .debug_frame   0x000016a0      0x184 CMakeFiles/PS211.elf.dir/Drivers/STM32F1xx_HAL_Driver/Src/stm32f1xx_hal_rcc.c.obj
 .debug_frame   0x00001824       0x5c CMakeFiles/PS211.elf.dir/Drivers/STM32F1xx_HAL_Driver/Src/stm32f1xx_hal_rcc_ex.c.obj
 .debug_frame   0x00001880      0x348 CMakeFiles/PS211.elf.dir/Drivers/STM32F1xx_HAL_Driver/Src/stm32f1xx_hal_rtc.c.obj
 .debug_frame   0x00001bc8      0x5c8 CMakeFiles/PS211.elf.dir/Drivers/STM32F1xx_HAL_Driver/Src/stm32f1xx_hal_spi.c.obj
 .debug_frame   0x00002190      0x5e0 CMakeFiles/PS211.elf.dir/Drivers/STM32F1xx_HAL_Driver/Src/stm32f1xx_hal_uart.c.obj
 .debug_frame   0x00002770       0x2c d:/program files/stmicroelectronics/stm32cube/gcc-arm-none-eabi-10.3-2021.10/bin/../lib/gcc/arm-none-eabi/10.3.1/../../../../arm-none-eabi/lib/thumb/v7-m/nofp\libg.a(lib_a-init.o)
 .debug_frame   0x0000279c       0x2c d:/program files/stmicroelectronics/stm32cube/gcc-arm-none-eabi-10.3-2021.10/bin/../lib/gcc/arm-none-eabi/10.3.1/../../../../arm-none-eabi/lib/thumb/v7-m/nofp\libg.a(lib_a-memset.o)
 .debug_frame   0x000027c8       0x5c d:/program files/stmicroelectronics/stm32cube/gcc-arm-none-eabi-10.3-2021.10/bin/../lib/gcc/arm-none-eabi/10.3.1/../../../../arm-none-eabi/lib/thumb/v7-m/nofp\libg.a(lib_a-__call_atexit.o)
 .debug_frame   0x00002824       0x20 d:/program files/stmicroelectronics/stm32cube/gcc-arm-none-eabi-10.3-2021.10/bin/../lib/gcc/arm-none-eabi/10.3.1/../../../../arm-none-eabi/lib/thumb/v7-m/nofp\libg.a(lib_a-atexit.o)
 .debug_frame   0x00002844       0x34 d:/program files/stmicroelectronics/stm32cube/gcc-arm-none-eabi-10.3-2021.10/bin/../lib/gcc/arm-none-eabi/10.3.1/../../../../arm-none-eabi/lib/thumb/v7-m/nofp\libg.a(lib_a-fini.o)
 .debug_frame   0x00002878       0xb0 d:/program files/stmicroelectronics/stm32cube/gcc-arm-none-eabi-10.3-2021.10/bin/../lib/gcc/arm-none-eabi/10.3.1/../../../../arm-none-eabi/lib/thumb/v7-m/nofp\libg.a(lib_a-lock.o)
 .debug_frame   0x00002928       0x34 d:/program files/stmicroelectronics/stm32cube/gcc-arm-none-eabi-10.3-2021.10/bin/../lib/gcc/arm-none-eabi/10.3.1/../../../../arm-none-eabi/lib/thumb/v7-m/nofp\libg.a(lib_a-__atexit.o)
